Microchip MPLAB XC8 Compiler V2.32

Linker command line:

-W-3 --edf=/opt/microchip/xc8/v2.32/pic/dat/en_msgs.txt -cn \
  -h+dist/default/production/Prjeto_Final-Buzzer.X.production.sym \
  --cmf=dist/default/production/Prjeto_Final-Buzzer.X.production.cmf -z \
  -Q18F4520 -o/tmp/xcXCMmdLj --defsym=__MPLAB_BUILD=1 \
  -Mdist/default/production/Prjeto_Final-Buzzer.X.production.map -E1 \
  -ver=XC8 Compiler --acfsm=1493 -ASTACK=0228h-05FFh -pstack=STACK \
  -ACODE=00h-07FFFh -ACONST=00h-07FFFh -ASMALLCONST=0600h-06FFhx122 \
  -AMEDIUMCONST=0600h-07FFFh -ACOMRAM=01h-07Fh -AABS1=00h-05FFh \
  -ABIGRAM=01h-05FFh -ARAM=080h-0FFh,0100h-01FFhx5 -ABANK0=080h-0FFh \
  -ABANK1=0100h-01FFh -ABANK2=0200h-02FFh -ABANK3=0300h-03FFh \
  -ABANK4=0400h-04FFh -ABANK5=0500h-05FFh -ASFR=0F80h-0FFFh \
  -ACONFIG=0300000h-030000Dh -AIDLOC=0200000h-0200007h \
  -AEEDATA=0F00000h-0F000FFh -peeprom_data=EEDATA \
  -preset_vec=00h,intcode,intcodelo,powerup,init -pramtop=0600h \
  -psmallconst=SMALLCONST -pmediumconst=MEDIUMCONST -pconst=CONST \
  -AFARRAM=00h-00h \
  -prdata=COMRAM,nvrram=COMRAM,nvbit=COMRAM,rbss=COMRAM,rbit=COMRAM \
  -pfarbss=FARRAM,fardata=FARRAM,nvFARRAM=FARRAM \
  -pintsave_regs=BIGRAM,bigbss=BIGRAM,bigdata=BIGRAM -pbss=RAM \
  -pidata=CODE,irdata=CODE,ibigdata=CODE,ifardata=CODE -prparam=COMRAM \
  /tmp/xcXLjHMik.o \
  dist/default/production/Prjeto_Final-Buzzer.X.production.o 

Object code version is 3.11

Machine type is 18F4520



                Name                               Link     Load   Length Selector   Space Scale
/tmp/xcXLjHMik.o
                idloc                            200000   200000        8        0       5
                config                           300000   300000        E        0       4
                init                                  0        0        4        0       0
dist/default/production/Prjeto_Final-Buzzer.X.production.o
                idloc                            200000   200000        8        0       5
                config                           300000   300000        E        0       4
                smallconst                          600      600       12      300       0
                text22                             1C20     1C20       26      DFD       0
                text21                             1C62     1C62       18      DFD       0
                text20                              EEA      EEA      24E      309       0
                text19                             1B3A     1B3A       54      309       0
                text18                             1C46     1C46       1C      DFD       0
                text17                             17EE     17EE       7E      309       0
                text16                              C9C      C9C      24E      309       0
                text15                             186C     186C       78      309       0
                text14                             12B2     12B2      16C      309       0
                text13                             1138     1138      17A      309       0
                text12                             1C98     1C98        A      DFD       0
                text11                             1C8E     1C8E        A      DFD       0
                text10                             167A     167A       C4      309       0
                text9                              173E     173E       B0      309       0
                text8                              1A8C     1A8C       58      309       0
                text7                              141E     141E      150      309       0
                text6                              19CA     19CA       62      309       0
                text5                              195A     195A       70      309       0
                text4                              156E     156E      10C      309       0
                text3                              1BFA     1BFA       26      DFD       0
                text2                              1C7A     1C7A       14      DFD       0
                text1                              1AE4     1AE4       56      309       0
                text0                               612      612      68A      309       0
                cstackCOMRAM                         44       44       14        1       1
                cstackBANK1                         100      100       FA      100       1
                dataBANK2                           200      200       28      200       1
                dataBANK0                            80       80       60       80       1
                dataCOMRAM                            1        1       43        1       1
                bssCOMRAM                            58       58       10        1       1
                cinit                              18E4     18E4       76      309       0
                idataBANK2                         1BD1     1BD1       28      309       0
                idataBANK0                         1A2C     1A2C       60      309       0
                idataCOMRAM                        1B8E     1B8E       43      309       0

TOTAL           Name                               Link     Load   Length     Space
        CLASS   STACK          

        CLASS   CODE           
                init                                  0        0        4         0
                text22                             1C20     1C20       26         0
                text21                             1C62     1C62       18         0
                text20                              EEA      EEA      24E         0
                text19                             1B3A     1B3A       54         0
                text18                             1C46     1C46       1C         0
                text17                             17EE     17EE       7E         0
                text16                              C9C      C9C      24E         0
                text15                             186C     186C       78         0
                text14                             12B2     12B2      16C         0
                text13                             1138     1138      17A         0
                text12                             1C98     1C98        A         0
                text11                             1C8E     1C8E        A         0
                text10                             167A     167A       C4         0
                text9                              173E     173E       B0         0
                text8                              1A8C     1A8C       58         0
                text7                              141E     141E      150         0
                text6                              19CA     19CA       62         0
                text5                              195A     195A       70         0
                text4                              156E     156E      10C         0
                text3                              1BFA     1BFA       26         0
                text2                              1C7A     1C7A       14         0
                text1                              1AE4     1AE4       56         0
                text0                               612      612      68A         0
                cinit                              18E4     18E4       76         0
                idataBANK2                         1BD1     1BD1       28         0
                idataBANK0                         1A2C     1A2C       60         0
                idataCOMRAM                        1B8E     1B8E       43         0

        CLASS   CONST          

        CLASS   SMALLCONST     
                smallconst                          600      600       12         0

        CLASS   MEDIUMCONST    

        CLASS   COMRAM         
                cstackCOMRAM                         44       44       14         1
                dataCOMRAM                            1        1       43         1
                bssCOMRAM                            58       58       10         1

        CLASS   ABS1           

        CLASS   BIGRAM         

        CLASS   RAM            

        CLASS   BANK0          
                dataBANK0                            80       80       60         1

        CLASS   BANK1          
                cstackBANK1                         100      100       FA         1

        CLASS   BANK2          
                dataBANK2                           200      200       28         1

        CLASS   BANK3          

        CLASS   BANK4          

        CLASS   BANK5          

        CLASS   SFR            

        CLASS   CONFIG         
                config                           300000   300000        E         4

        CLASS   IDLOC          
                idloc                            200000   200000        8         5

        CLASS   EEDATA         

        CLASS   FARRAM         



SEGMENTS        Name                           Load    Length   Top    Selector   Space  Class

                dataBANK2                      000200  000028  000228       200       1  BANK2   
                cstackBANK1                    000100  0000FA  0001FA       100       1  BANK1   
                reset_vec                      000000  000004  000004         0       0  CODE    
                text0                          000612  0015E7  001BF9       309       0  CODE    
                text3                          001BFA  0000A8  001CA2       DFD       0  CODE    
                dataBANK0                      000080  000060  0000E0        80       1  BANK0   
                smallconst                     000600  000012  000612       300       0  SMALLCON
                dataCOMRAM                     000001  000067  000068         1       1  COMRAM  


UNUSED ADDRESS RANGES

        Name                Unused          Largest block    Delta
        BANK0            0000E0-0000FF               20
        BANK1            0001FA-0001FF                6
        BANK2            000228-0002FF               D8
        BANK3            000300-0003FF              100
        BANK4            000400-0004FF              100
        BANK5            000500-0005FF              100
        BIGRAM           000068-00007F               18
                         0000E0-0000FF               20
                         0001FA-0001FF                6
                         000228-0005FF              3D8
        CODE             000004-0005FF              5FC
                         001BF9-001BF9                1
                         001CA2-007FFF             635E
        COMRAM           000068-00007F               18
        CONST            000004-0005FF              5FC
                         001BF9-001BF9                1
                         001CA2-007FFF             635E
        EEDATA           F00000-F000FF              100
        MEDIUMCONST      001BF9-001BF9                1
                         001CA2-007FFF             635E
        RAM              0000E0-0000FF               20
                         0001FA-0001FF                6
                         000228-0005FF              100
        SFR              000F80-000FFF               80
        SMALLCONST       001BF9-001BF9                1
                         001CA2-007FFF              100
        STACK            000228-0005FF              3D8

                                  Symbol Table

?___aldiv                cstackCOMRAM 000044
?___awdiv                cstackCOMRAM 000044
?___awmod                cstackCOMRAM 000044
?___wmul                 cstackCOMRAM 000044
?_kpRead                 cstackCOMRAM 000044
Delay2ms@i               cstackCOMRAM 000045
Delay40us@i              cstackCOMRAM 000044
_Delay2ms                text18       001C46
_Delay40us               text21       001C62
_INTCON                  (abs)        000FF2
_PORTA                   (abs)        000F80
_PORTB                   (abs)        000F81
_PORTC                   (abs)        000F82
_PORTCbits               (abs)        000F82
_PORTD                   (abs)        000F83
_PORTE                   (abs)        000F84
_T0CON                   (abs)        000FD5
_TMR0H                   (abs)        000FD7
_TMR0L                   (abs)        000FD6
_TRISA                   (abs)        000F92
_TRISB                   (abs)        000F93
_TRISC                   (abs)        000F94
_TRISCbits               (abs)        000F94
_TRISD                   (abs)        000F95
_TRISE                   (abs)        000F96
__HRAM                   (abs)        000000
__Habs1                  abs1         000000
__Hbank0                 bank0        000000
__Hbank1                 bank1        000000
__Hbank2                 bank2        000000
__Hbank3                 bank3        000000
__Hbank4                 bank4        000000
__Hbank5                 bank5        000000
__Hbigbss                bigbss       000000
__Hbigdata               bigdata      000000
__Hbigram                bigram       000000
__Hbss                   bss          000000
__HbssCOMRAM             bssCOMRAM    000000
__Hcinit                 cinit        000000
__Hclrtext               clrtext      000000
__Hcomram                comram       000000
__Hconfig                config       30000E
__Hconst                 const        000000
__HcstackBANK1           cstackBANK1  000000
__HcstackCOMRAM          cstackCOMRAM 000000
__Hdata                  data         000000
__HdataBANK0             dataBANK0    000000
__HdataBANK2             dataBANK2    000000
__HdataCOMRAM            dataCOMRAM   000000
__Heeprom_data           eeprom_data  000000
__Hfarbss                farbss       000000
__Hfardata               fardata      000000
__Hibigdata              ibigdata     000000
__Hidata                 idata        000000
__HidataBANK0            idataBANK0   000000
__HidataBANK2            idataBANK2   000000
__HidataCOMRAM           idataCOMRAM  000000
__Hidloc                 idloc        200008
__Hifardata              ifardata     000000
__Hinit                  init         000004
__Hintcode               intcode      000000
__Hintcode_body          intcode_body 000000
__Hintcodelo             intcodelo    000000
__Hintentry              intentry     000000
__Hintret                intret       000000
__Hintsave_regs          intsave_regs 000000
__Hirdata                irdata       000000
__Hmediumconst           mediumconst  000000
__HnvFARRAM              nvFARRAM     000000
__Hnvbit                 nvbit        000000
__Hnvrram                nvrram       000000
__Hparam                 rparam       000000
__Hpowerup               powerup      000000
__Hram                   ram          000000
__Hramtop                ramtop       000600
__Hrbit                  rbit         000000
__Hrbss                  rbss         000000
__Hrdata                 rdata        000000
__Hreset_vec             reset_vec    000000
__Hrparam                rparam       000000
__Hsfr                   sfr          000000
__Hsmallconst            smallconst   000612
__Hspace_0               (abs)        001CA2
__Hspace_1               (abs)        000228
__Hspace_2               (abs)        000000
__Hspace_4               (abs)        60000E
__Hstack                 stack        000000
__Hstruct                struct       000000
__Htemp                  temp         000000
__Htext                  text         000000
__Htext0                 text0        000000
__Htext1                 text1        000000
__Htext10                text10       000000
__Htext11                text11       000000
__Htext12                text12       000000
__Htext13                text13       000000
__Htext14                text14       000000
__Htext15                text15       000000
__Htext16                text16       000000
__Htext17                text17       000000
__Htext18                text18       000000
__Htext19                text19       000000
__Htext2                 text2        000000
__Htext20                text20       000000
__Htext21                text21       000000
__Htext22                text22       000000
__Htext3                 text3        000000
__Htext4                 text4        000000
__Htext5                 text5        000000
__Htext6                 text6        000000
__Htext7                 text7        000000
__Htext8                 text8        000000
__Htext9                 text9        000000
__LRAM                   (abs)        000001
__Labs1                  abs1         000000
__Lbank0                 bank0        000000
__Lbank1                 bank1        000000
__Lbank2                 bank2        000000
__Lbank3                 bank3        000000
__Lbank4                 bank4        000000
__Lbank5                 bank5        000000
__Lbigbss                bigbss       000000
__Lbigdata               bigdata      000000
__Lbigram                bigram       000000
__Lbss                   bss          000000
__LbssCOMRAM             bssCOMRAM    000000
__Lcinit                 cinit        000000
__Lclrtext               clrtext      000000
__Lcomram                comram       000000
__Lconfig                config       000000
__Lconst                 const        000000
__LcstackBANK1           cstackBANK1  000000
__LcstackCOMRAM          cstackCOMRAM 000000
__Ldata                  data         000000
__LdataBANK0             dataBANK0    000000
__LdataBANK2             dataBANK2    000000
__LdataCOMRAM            dataCOMRAM   000000
__Leeprom_data           eeprom_data  000000
__Lfarbss                farbss       000000
__Lfardata               fardata      000000
__Libigdata              ibigdata     000000
__Lidata                 idata        000000
__LidataBANK0            idataBANK0   000000
__LidataBANK2            idataBANK2   000000
__LidataCOMRAM           idataCOMRAM  000000
__Lidloc                 idloc        000000
__Lifardata              ifardata     000000
__Linit                  init         000000
__Lintcode               intcode      000000
__Lintcode_body          intcode_body 000000
__Lintcodelo             intcodelo    000000
__Lintentry              intentry     000000
__Lintret                intret       000000
__Lintsave_regs          intsave_regs 000000
__Lirdata                irdata       000000
__Lmediumconst           mediumconst  000000
__LnvFARRAM              nvFARRAM     000000
__Lnvbit                 nvbit        000000
__Lnvrram                nvrram       000000
__Lparam                 rparam       000000
__Lpowerup               powerup      000000
__Lram                   ram          000000
__Lramtop                ramtop       000600
__Lrbit                  rbit         000000
__Lrbss                  rbss         000000
__Lrdata                 rdata        000000
__Lreset_vec             reset_vec    000000
__Lrparam                rparam       000000
__Lsfr                   sfr          000000
__Lsmallconst            smallconst   000600
__Lspace_0               (abs)        000000
__Lspace_1               (abs)        000000
__Lspace_2               (abs)        000000
__Lspace_4               (abs)        000000
__Lstack                 stack        000000
__Lstruct                struct       000000
__Ltemp                  temp         000000
__Ltext                  text         000000
__Ltext0                 text0        000000
__Ltext1                 text1        000000
__Ltext10                text10       000000
__Ltext11                text11       000000
__Ltext12                text12       000000
__Ltext13                text13       000000
__Ltext14                text14       000000
__Ltext15                text15       000000
__Ltext16                text16       000000
__Ltext17                text17       000000
__Ltext18                text18       000000
__Ltext19                text19       000000
__Ltext2                 text2        000000
__Ltext20                text20       000000
__Ltext21                text21       000000
__Ltext22                text22       000000
__Ltext3                 text3        000000
__Ltext4                 text4        000000
__Ltext5                 text5        000000
__Ltext6                 text6        000000
__Ltext7                 text7        000000
__Ltext8                 text8        000000
__Ltext9                 text9        000000
__S0                     (abs)        001CA2
__S1                     (abs)        000228
__S2                     (abs)        000000
__S4                     (abs)        000000
__S5                     (abs)        000000
___aldiv                 text4        00156E
___aldiv@counter         cstackCOMRAM 00004C
___aldiv@dividend        cstackCOMRAM 000044
___aldiv@divisor         cstackCOMRAM 000048
___aldiv@quotient        cstackCOMRAM 00004E
___aldiv@sign            cstackCOMRAM 00004D
___awdiv                 text10       00167A
___awdiv@counter         cstackCOMRAM 000048
___awdiv@dividend        cstackCOMRAM 000044
___awdiv@divisor         cstackCOMRAM 000046
___awdiv@quotient        cstackCOMRAM 00004A
___awdiv@sign            cstackCOMRAM 000049
___awmod                 text9        00173E
___awmod@counter         cstackCOMRAM 000048
___awmod@dividend        cstackCOMRAM 000044
___awmod@divisor         cstackCOMRAM 000046
___awmod@sign            cstackCOMRAM 000049
___inthi_sp              stack        000000
___intlo_sp              stack        000000
___param_bank            (abs)        000000
___rparam_used           (abs)        000001
___sp                    stack        000000
___wmul                  text22       001C20
___wmul@multiplicand     cstackCOMRAM 000046
___wmul@multiplier       cstackCOMRAM 000044
___wmul@product          cstackCOMRAM 000048
__accesstop              (abs)        000080
__activetblptr           (abs)        000002
__end_of_Delay2ms        text18       001C62
__end_of_Delay40us       text21       001C7A
__end_of___aldiv         text4        00167A
__end_of___awdiv         text10       00173E
__end_of___awmod         text9        0017EE
__end_of___wmul          text22       001C46
__end_of__initialization cinit        001950
__end_of_digitalWrite    text20       001138
__end_of_imprime_img     text14       00141E
__end_of_kpDebounce      text13       0012B2
__end_of_kpInit          text12       001CA2
__end_of_kpRead          text11       001C98
__end_of_lcdCommand      text17       00186C
__end_of_lcdData         text19       001B8E
__end_of_lcdInit         text15       0018E4
__end_of_main            text0        000C9C
__end_of_num_rodada      text5        0019CA
__end_of_pinMode         text16       000EEA
__end_of_pwmFrequency    text3        001C20
__end_of_pwmInit         text2        001C8E
__end_of_ssdDigit        text8        001AE4
__end_of_ssdInit         text1        001B3A
__end_of_ssdUpdate       text7        00156E
__end_of_tempo           text6        001A2C
__end_of_valor@ssd$F250  smallconst   000611
__initialization         cinit        0018E4
__mediumconst            mediumconst  000000
__pbssCOMRAM             bssCOMRAM    000058
__pcinit                 cinit        0018E4
__pcstackBANK1           cstackBANK1  000100
__pcstackCOMRAM          cstackCOMRAM 000044
__pdataBANK0             dataBANK0    000080
__pdataBANK2             dataBANK2    000200
__pdataCOMRAM            dataCOMRAM   000001
__pidataBANK0            idataBANK0   001A2C
__pidataBANK2            idataBANK2   001BD1
__pidataCOMRAM           idataCOMRAM  001B8E
__psmallconst            smallconst   000600
__ptext0                 text0        000612
__ptext1                 text1        001AE4
__ptext10                text10       00167A
__ptext11                text11       001C8E
__ptext12                text12       001C98
__ptext13                text13       001138
__ptext14                text14       0012B2
__ptext15                text15       00186C
__ptext16                text16       000C9C
__ptext17                text17       0017EE
__ptext18                text18       001C46
__ptext19                text19       001B3A
__ptext2                 text2        001C7A
__ptext20                text20       000EEA
__ptext21                text21       001C62
__ptext22                text22       001C20
__ptext3                 text3        001BFA
__ptext4                 text4        00156E
__ptext5                 text5        00195A
__ptext6                 text6        0019CA
__ptext7                 text7        00141E
__ptext8                 text8        001A8C
__ptext9                 text9        00173E
__ramtop                 ramtop       000600
__size_of_Delay2ms       (abs)        000000
__size_of_Delay40us      (abs)        000000
__size_of___aldiv        (abs)        000000
__size_of___awdiv        (abs)        000000
__size_of___awmod        (abs)        000000
__size_of___wmul         (abs)        000000
__size_of_digitalWrite   (abs)        000000
__size_of_imprime_img    (abs)        000000
__size_of_kpDebounce     (abs)        000000
__size_of_kpInit         (abs)        000000
__size_of_kpRead         (abs)        000000
__size_of_lcdCommand     (abs)        000000
__size_of_lcdData        (abs)        000000
__size_of_lcdInit        (abs)        000000
__size_of_main           (abs)        000000
__size_of_num_rodada     (abs)        000000
__size_of_pinMode        (abs)        000000
__size_of_pwmFrequency   (abs)        000000
__size_of_pwmInit        (abs)        000000
__size_of_ssdDigit       (abs)        000000
__size_of_ssdInit        (abs)        000000
__size_of_ssdUpdate      (abs)        000000
__size_of_tempo          (abs)        000000
__smallconst             smallconst   000600
_digitalWrite            text20       000EEA
_display                 bssCOMRAM    000066
_imprime_img             text14       0012B2
_kpDebounce              text13       001138
_kpInit                  text12       001C98
_kpRead                  text11       001C8E
_lcdCommand              text17       0017EE
_lcdData                 text19       001B3A
_lcdInit                 text15       00186C
_main                    text0        000612
_num_rodada              text5        00195A
_pinMode                 text16       000C9C
_pos                     bssCOMRAM    000058
_pwmFrequency            text3        001BFA
_pwmInit                 text2        001C7A
_rodada                  bssCOMRAM    00005A
_ssdDigit                text8        001A8C
_ssdInit                 text1        001AE4
_ssdUpdate               text7        00141E
_tempo                   text6        0019CA
_v0                      bssCOMRAM    000065
_v1                      bssCOMRAM    000064
_v2                      bssCOMRAM    000063
_v3                      bssCOMRAM    000062
_valor                   bssCOMRAM    000060
_valor@ssd$F250          smallconst   000601
digitalWrite@pin         cstackCOMRAM 000044
digitalWrite@value       cstackCOMRAM 000046
end_of_initialization    cinit        001950
imprime_img@i            cstackCOMRAM 00004E
imprime_img@img          cstackCOMRAM 00004C
intlevel0                text         000000
intlevel1                text         000000
intlevel2                text         000000
intlevel3                text         000000
isa$std                  (abs)        000001
isa$xinst                (abs)        000000
kpDebounce@i             cstackCOMRAM 00004D
kpDebounce@j             cstackCOMRAM 00004C
kpDebounce@k             cstackCOMRAM 00004A
kpDebounce@old_D         cstackCOMRAM 000049
kpDebounce@tempo         bssCOMRAM    000067
kpDebounce@valorAntigo   bssCOMRAM    00005C
kpDebounce@valorNovo     bssCOMRAM    00005E
lcdCommand@cmd           cstackCOMRAM 00004B
lcdCommand@old_D         cstackCOMRAM 00004A
lcdData@old_D            cstackCOMRAM 00004B
lcdData@valor            cstackCOMRAM 00004A
main@F32                 dataCOMRAM   000001
main@F34                 dataBANK0    0000C0
main@F36                 dataBANK0    0000A0
main@F38                 dataBANK0    000080
main@F40                 dataCOMRAM   000021
main@F42                 dataCOMRAM   00003C
main@F44                 dataCOMRAM   000030
main@F46                 dataBANK2    000200
main@erro                cstackBANK1  0001F5
main@i                   cstackBANK1  0001F9
main@img1                cstackBANK1  000100
main@img2                cstackBANK1  000120
main@img3                cstackBANK1  000140
main@img4                cstackBANK1  000160
main@k                   cstackBANK1  0001F8
main@msg                 cstackBANK1  00019B
main@msg_inicio          cstackBANK1  000180
main@msg_perdeu          cstackBANK1  00018F
main@resp                cstackBANK1  0001A3
main@tecla               cstackBANK1  0001F6
main@turno               cstackBANK1  0001F3
main@vetor               cstackBANK1  0001CB
num_rodada@intervalo     cstackCOMRAM 00004E
pinMode@pin              cstackCOMRAM 000044
pinMode@type             cstackCOMRAM 000046
pwmFrequency@freq        cstackCOMRAM 000052
ssdDigit@pos             cstackCOMRAM 00004C
ssdDigit@val             cstackCOMRAM 00004D
stackhi                  (abs)        0005FF
stacklo                  (abs)        000228
start                    init         000000
start_initialization     cinit        0018E4
tempo@j                  cstackCOMRAM 000046
tempo@k                  cstackCOMRAM 000047
tempo@tempo_x            cstackCOMRAM 000044


MODULE INFORMATION

Module		Function		Class		Link	Load	Size
ssd.c
		_ssdInit       		CODE           	1AE4	0000	86
		_ssdDigit      		CODE           	1A8C	0000	88
		_ssdUpdate     		CODE           	141E	0000	336

ssd.c estimated size: 510

/opt/microchip/xc8/v2.32/pic/sources/c99/common/Umul16.c
		___wmul        		CODE           	1C20	0000	38

/opt/microchip/xc8/v2.32/pic/sources/c99/common/Umul16.c estimated size: 38

delay.c
		_tempo         		CODE           	19CA	0000	98

delay.c estimated size: 98

keypad.c
		_kpInit        		CODE           	1C98	0000	10
		_kpDebounce    		CODE           	1138	0000	378
		_kpRead        		CODE           	1C8E	0000	10

keypad.c estimated size: 398

/opt/microchip/xc8/v2.32/pic/sources/c99/common/awdiv.c
		___awdiv       		CODE           	167A	0000	196

/opt/microchip/xc8/v2.32/pic/sources/c99/common/awdiv.c estimated size: 196

/opt/microchip/xc8/v2.32/pic/sources/c99/common/aldiv.c
		___aldiv       		CODE           	156E	0000	268

/opt/microchip/xc8/v2.32/pic/sources/c99/common/aldiv.c estimated size: 268

io.c
		_digitalWrite  		CODE           	0EEA	0000	590
		_pinMode       		CODE           	0C9C	0000	590

io.c estimated size: 1180

pwm.c
		_pwmInit       		CODE           	1C7A	0000	20
		_pwmFrequency  		CODE           	1BFA	0000	38

pwm.c estimated size: 58

shared
		_valor@ssd$F250		SMALLCONST     	0601	0000	16
		__initialization		CODE           	18E4	0000	108

shared estimated size: 124

lcd.c
		_lcdCommand    		CODE           	17EE	0000	126
		_Delay40us     		CODE           	1C62	0000	24
		_lcdInit       		CODE           	186C	0000	120
		_lcdData       		CODE           	1B3A	0000	84
		_Delay2ms      		CODE           	1C46	0000	28

lcd.c estimated size: 382

/opt/microchip/xc8/v2.32/pic/sources/c99/common/awmod.c
		___awmod       		CODE           	173E	0000	176

/opt/microchip/xc8/v2.32/pic/sources/c99/common/awmod.c estimated size: 176

main.c
		_num_rodada    		CODE           	195A	0000	112
		_imprime_img   		CODE           	12B2	0000	364
		_main          		CODE           	0612	0000	1674

main.c estimated size: 2150

